// Jest Snapshot v1, https://goo.gl/fbAQLP

exports[`<Jest /> renders a heading 1`] = `
<div>
  <div>
    JestTest
  </div>
</div>
`;
